== A. raw glTF checks: /workspace/witch-hunter/art-direction/3d/assets/races_regen/rigged/dwarf-male-smith.rigged.glb
  ok   exactly 1 mesh (found 1)
  ok   exactly 1 skin (found 1)
  ok   skin joints == 20 WH bones (found 20: missing set(), extra set())
  ok   single primitive (found 1)
  ok   JOINTS_0/WEIGHTS_0 present
  ok   triangle count unchanged (28024 vs source 28024)
  ok   vertex count within +0.5% of source (16717 vs 16681, +36)
  ok   distinct (position, uv) pairs identical to source (16681 vs 16681)
  ok   every vertex weighted, sums≈1 (min 1.0000, max 1.0000, zero=0)
  ok   bind-pose bounds unchanged (src [-0.607 -1.    -0.309]..[0.607 1.    0.309])
  ok   image count 1 == source
  ok   image 0 bytes bit-identical (image/jpeg, sha256 d97fb76fd33b… vs d97fb76fd33b…)
  ok   sampler magFilter preserved (src 9729, out 9729; 9728=NEAREST 9729=LINEAR)
  ok   required clips present ['WH_Idle', 'WH_Walk', 'WH_Run', 'WH_Attack1', 'WH_Hit', 'WH_Death'] (found ['WH_Attack1', 'WH_Death', 'WH_Hit', 'WH_Idle', 'WH_Run', 'WH_Walk'])
  ok   WH_Attack1: 0.500s, 60 channels, Root static (3 Root channels)
  ok   WH_Death: 1.200s, 60 channels, Root static (3 Root channels)
  ok   WH_Hit: 0.333s, 60 channels, Root static (3 Root channels)
  ok   WH_Idle: 2.000s, 60 channels, Root static (3 Root channels)
  ok   WH_Idle: loop closes (Hips translation first==last, drift 0.00e+00)
  ok   WH_Run: 0.600s, 60 channels, Root static (3 Root channels)
  ok   WH_Run: loop closes (Hips translation first==last, drift 0.00e+00)
  ok   WH_Walk: 1.000s, 60 channels, Root static (3 Root channels)
  ok   WH_Walk: loop closes (Hips translation first==last, drift 0.00e+00)
  EXCURSION WH_Attack1: L_Thigh=0.2430rad R_Thigh=0.2081rad L_UpperArm=1.0720rad R_UpperArm=1.8470rad Spine=0.1712rad
  EXCURSION WH_Death: L_Thigh=0.6106rad R_Thigh=0.3489rad L_UpperArm=0.9745rad R_UpperArm=0.9357rad Spine=0.2616rad
  EXCURSION WH_Hit: L_Thigh=0.0000rad R_Thigh=0.0000rad L_UpperArm=0.4300rad R_UpperArm=0.5013rad Spine=0.1723rad
  EXCURSION WH_Idle: L_Thigh=0.0000rad R_Thigh=0.0000rad L_UpperArm=0.0262rad R_UpperArm=0.0262rad Spine=0.0140rad
  EXCURSION WH_Run: L_Thigh=0.7386rad R_Thigh=0.7386rad L_UpperArm=0.5909rad R_UpperArm=0.5909rad Spine=0.0630rad
  EXCURSION WH_Walk: L_Thigh=0.4475rad R_Thigh=0.4475rad L_UpperArm=0.2486rad R_UpperArm=0.2486rad Spine=0.0140rad
== B. Blender re-import checks
02:49:28 | INFO: Data are loaded, start creating Blender stuff
02:49:28 | INFO: Blender create Mesh node Mesh_0
02:49:29 | INFO: glTF import finished in 0.25s
  ok   1 armature + 1 mesh (got 1 + 1)
  ok   armature has the 20 WH bones (20)
  ok   mesh skinned to armature (Armature modifier)
  ok   vertex groups for all 19 deform bones (missing set())
  ok   every vertex in >=1 vertex group (0 unweighted of 16717)
  ok   no empty deform bone (weight>0.05 counts: {'Root': 0, 'Hips': 3443, 'Spine': 3117, 'Chest': 1878, 'Neck': 941, 'Head': 666, 'L_Shoulder': 1441, 'L_UpperArm': 466, 'L_Forearm': 507, 'L_Hand': 307, 'R_Shoulder': 1276, 'R_UpperArm': 604, 'R_Forearm': 622, 'R_Hand': 288, 'L_Thigh': 7231, 'L_Shin': 3671, 'L_Foot': 629, 'R_Thigh': 7602, 'R_Shin': 4320, 'R_Foot': 662})
  ok   Blender triangle count 28024 == source 28024
  Blender action names: ['WH_Attack1_WH_Armature', 'WH_Death_WH_Armature', 'WH_Hit_WH_Armature', 'WH_Idle_WH_Armature', 'WH_Run_WH_Armature', 'WH_Walk_WH_Armature']
  ok   re-imported actions cover ['WH_Idle', 'WH_Walk', 'WH_Run', 'WH_Attack1', 'WH_Hit', 'WH_Death']
  ok   WH_Attack1: Root world position constant over clip (max drift 0.00e+00)
  ok   WH_Death: Root world position constant over clip (max drift 0.00e+00)
  ok   WH_Hit: Root world position constant over clip (max drift 0.00e+00)
  ok   WH_Idle: Root world position constant over clip (max drift 0.00e+00)
  ok   WH_Idle: Hips returns to start (0.00e+00); horizontal sway 0.000 (<0.05 expected)
  ok   WH_Idle: Hips horizontal sway 0.000 < 0.05 (in place)
  ok   WH_Run: Root world position constant over clip (max drift 0.00e+00)
  ok   WH_Run: Hips returns to start (0.00e+00); horizontal sway 0.000 (<0.05 expected)
  ok   WH_Run: Hips horizontal sway 0.000 < 0.05 (in place)
  ok   WH_Walk: Root world position constant over clip (max drift 0.00e+00)
  ok   WH_Walk: Hips returns to start (0.00e+00); horizontal sway 0.000 (<0.05 expected)
  ok   WH_Walk: Hips horizontal sway 0.000 < 0.05 (in place)
Blender 4.3.2
VERIFY PASS
