RIG tools/rigging/scripts/bl.sh --python tools/rigging/scripts/rig_wh_humanoid.py -- art-direction/3d/assets/races_regen/elf-dawn-refuser-male.glb art-direction/3d/assets/races_regen/rigged/elf-dawn-refuser-male.rigged.glb --save-blend tools/rigging/blends/elf-dawn-refuser-male.rigged.blend 
02:38:48 | INFO: Data are loaded, start creating Blender stuff
02:38:48 | INFO: Blender create Mesh node 0
02:38:48 | INFO: glTF import finished in 0.09s
[WH] bounds z0=-1.000 z1=1.000 H=2.000 shoulder_top=0.850H arm angle from vertical L=16.9 R=16.9 deg (~0=arms down, 20-50=A-pose, ~90=T-pose)
Info: Removed 7690 vertices
[WH] heat weights on proxy: 0 / 15306 proxy vertices unweighted
[WH] transferred weights: 0 / 22996 vertices unweighted
[WH] arm radius clamp removed 15715 arm-bone weights
Info: 8798 vertex weights limited
[WH] final weights: 0 unweighted; per-bone vertex counts: {'Hips': 8318, 'Spine': 6533, 'Chest': 4089, 'Neck': 986, 'Head': 837, 'L_Shoulder': 965, 'L_UpperArm': 953, 'L_Forearm': 699, 'L_Hand': 400, 'R_Shoulder': 1439, 'R_UpperArm': 1162, 'R_Forearm': 687, 'R_Hand': 442, 'L_Thigh': 9005, 'L_Shin': 8895, 'L_Foot': 3573, 'R_Thigh': 9504, 'R_Shin': 9631, 'R_Foot': 3432}
[WH] clip WH_Idle: 61 keys @ 30 fps = 2.000s loop=True
[WH] clip WH_Walk: 31 keys @ 30 fps = 1.000s loop=True
[WH] clip WH_Run: 19 keys @ 30 fps = 0.600s loop=True
[WH] clip WH_Attack1: 16 keys @ 30 fps = 0.500s loop=False
[WH] clip WH_Hit: 11 keys @ 30 fps = 0.333s loop=False
[WH] clip WH_Death: 37 keys @ 30 fps = 1.200s loop=False
Info: Saved "elf-dawn-refuser-male.rigged.blend"
[WH] saved /workspace/witch-hunter/tools/rigging/blends/elf-dawn-refuser-male.rigged.blend
ERROR Draco mesh compression is not available because library could not be found at /usr/bin/4.3/python/lib/python3.13/site-packages/libextern_draco.so
02:38:50 | INFO: Starting glTF 2.0 export
02:38:50 | INFO: Extracting primitive: Mesh_0
02:38:51 | INFO: Primitives created: 1
02:38:52 | INFO: Finished glTF 2.0 export in 1.3334972858428955 s

[WH] exported /workspace/witch-hunter/art-direction/3d/assets/races_regen/rigged/elf-dawn-refuser-male.rigged.glb (4.99 MB)
Blender 4.3.2

Blender quit
