VERIFY tools/rigging/scripts/bl.sh --python tools/rigging/scripts/verify_wh_glb.py -- art-direction/3d/assets/races_regen/rigged/elf-dawn-refuser-male.rigged.glb art-direction/3d/assets/races_regen/elf-dawn-refuser-male.glb --render tools/rigging/previews/elf-dawn-refuser-male --frames REST:1\,WH_Walk:8\,WH_Walk:23\,WH_Attack1:5\,WH_Attack1:9\,WH_Death:36 
== A. raw glTF checks: /workspace/witch-hunter/art-direction/3d/assets/races_regen/rigged/elf-dawn-refuser-male.rigged.glb
  ok   exactly 1 mesh (found 1)
  ok   exactly 1 skin (found 1)
  ok   skin joints == 20 WH bones (found 20: missing set(), extra set())
  ok   single primitive (found 1)
  ok   JOINTS_0/WEIGHTS_0 present
  ok   triangle count unchanged (30823 vs source 30823)
  ok   vertex count within +0.5% of source (23038 vs 22996, +42)
  ok   distinct (position, uv) pairs identical to source (22994 vs 22994)
  ok   every vertex weighted, sums≈1 (min 1.0000, max 1.0000, zero=0)
  ok   bind-pose bounds unchanged (src [-0.515 -1.    -0.249]..[0.515 1.    0.249])
  ok   image count 1 == source
  ok   image 0 bytes bit-identical (image/jpeg, sha256 9564442a3c8a… vs 9564442a3c8a…)
  ok   sampler magFilter preserved (src 9729, out 9729; 9728=NEAREST 9729=LINEAR)
  ok   required clips present ['WH_Idle', 'WH_Walk', 'WH_Run', 'WH_Attack1', 'WH_Hit', 'WH_Death'] (found ['WH_Attack1', 'WH_Death', 'WH_Hit', 'WH_Idle', 'WH_Run', 'WH_Walk'])
  ok   WH_Attack1: 0.500s, 60 channels, Root static (3 Root channels)
  ok   WH_Death: 1.200s, 60 channels, Root static (3 Root channels)
  ok   WH_Hit: 0.333s, 60 channels, Root static (3 Root channels)
  ok   WH_Idle: 2.000s, 60 channels, Root static (3 Root channels)
  ok   WH_Idle: loop closes (Hips translation first==last, drift 0.00e+00)
  ok   WH_Run: 0.600s, 60 channels, Root static (3 Root channels)
  ok   WH_Run: loop closes (Hips translation first==last, drift 0.00e+00)
  ok   WH_Walk: 1.000s, 60 channels, Root static (3 Root channels)
  ok   WH_Walk: loop closes (Hips translation first==last, drift 0.00e+00)
  EXCURSION WH_Attack1: L_Thigh=0.2430rad R_Thigh=0.2081rad L_UpperArm=1.0720rad R_UpperArm=1.8470rad Spine=0.1712rad
  EXCURSION WH_Death: L_Thigh=0.6106rad R_Thigh=0.3489rad L_UpperArm=0.9745rad R_UpperArm=0.9357rad Spine=0.2616rad
  EXCURSION WH_Hit: L_Thigh=0.0000rad R_Thigh=0.0000rad L_UpperArm=0.4300rad R_UpperArm=0.5013rad Spine=0.1723rad
  EXCURSION WH_Idle: L_Thigh=0.0000rad R_Thigh=0.0000rad L_UpperArm=0.0262rad R_UpperArm=0.0262rad Spine=0.0140rad
  EXCURSION WH_Run: L_Thigh=0.7386rad R_Thigh=0.7386rad L_UpperArm=0.5909rad R_UpperArm=0.5909rad Spine=0.0630rad
  EXCURSION WH_Walk: L_Thigh=0.4475rad R_Thigh=0.4475rad L_UpperArm=0.2486rad R_UpperArm=0.2486rad Spine=0.0140rad
== B. Blender re-import checks
02:38:54 | INFO: Data are loaded, start creating Blender stuff
02:38:54 | INFO: Blender create Mesh node Mesh_0
02:38:54 | INFO: glTF import finished in 0.29s
  ok   1 armature + 1 mesh (got 1 + 1)
  ok   armature has the 20 WH bones (20)
  ok   mesh skinned to armature (Armature modifier)
  ok   vertex groups for all 19 deform bones (missing set())
  ok   every vertex in >=1 vertex group (0 unweighted of 23038)
  ok   no empty deform bone (weight>0.05 counts: {'Root': 0, 'Hips': 7086, 'Spine': 5827, 'Chest': 3608, 'Neck': 890, 'Head': 808, 'L_Shoulder': 837, 'L_UpperArm': 954, 'L_Forearm': 646, 'L_Hand': 391, 'R_Shoulder': 1269, 'R_UpperArm': 1144, 'R_Forearm': 639, 'R_Hand': 437, 'L_Thigh': 7931, 'L_Shin': 7173, 'L_Foot': 3079, 'R_Thigh': 8754, 'R_Shin': 8726, 'R_Foot': 3142})
  ok   Blender triangle count 30823 == source 30823
  Blender action names: ['WH_Attack1_WH_Armature', 'WH_Death_WH_Armature', 'WH_Hit_WH_Armature', 'WH_Idle_WH_Armature', 'WH_Run_WH_Armature', 'WH_Walk_WH_Armature']
  ok   re-imported actions cover ['WH_Idle', 'WH_Walk', 'WH_Run', 'WH_Attack1', 'WH_Hit', 'WH_Death']
  ok   WH_Attack1: Root world position constant over clip (max drift 0.00e+00)
  ok   WH_Death: Root world position constant over clip (max drift 0.00e+00)
  ok   WH_Hit: Root world position constant over clip (max drift 0.00e+00)
  ok   WH_Idle: Root world position constant over clip (max drift 0.00e+00)
  ok   WH_Idle: Hips returns to start (0.00e+00); horizontal sway 0.000 (<0.05 expected)
  ok   WH_Idle: Hips horizontal sway 0.000 < 0.05 (in place)
  ok   WH_Run: Root world position constant over clip (max drift 0.00e+00)
  ok   WH_Run: Hips returns to start (0.00e+00); horizontal sway 0.000 (<0.05 expected)
  ok   WH_Run: Hips horizontal sway 0.000 < 0.05 (in place)
  ok   WH_Walk: Root world position constant over clip (max drift 0.00e+00)
  ok   WH_Walk: Hips returns to start (0.00e+00); horizontal sway 0.000 (<0.05 expected)
  ok   WH_Walk: Hips horizontal sway 0.000 < 0.05 (in place)
EGL Error (0x3009): EGL_BAD_MATCH: Arguments are inconsistent (for example, a valid context requires buffers not supplied by a valid surface).
EGL Error (0x3009): EGL_BAD_MATCH: Arguments are inconsistent (for example, a valid context requires buffers not supplied by a valid surface).
Blender 4.3.2
Fra:1 Mem:88.14M (Peak 98.22M) | Time:00:03.81 | Rendering 1 / 8 samples
Fra:1 Mem:88.14M (Peak 98.22M) | Time:00:07.24 | Rendering 8 / 8 samples
Saved: 'tools/rigging/previews/elf-dawn-refuser-male/REST_f001_front.png'
Time: 00:07.52 (Saving: 00:00.25)

Fra:1 Mem:88.14M (Peak 90.57M) | Time:00:02.35 | Rendering 1 / 8 samples
Fra:1 Mem:88.14M (Peak 90.57M) | Time:00:04.99 | Rendering 8 / 8 samples
Saved: 'tools/rigging/previews/elf-dawn-refuser-male/REST_f001_side.png'
Time: 00:05.04 (Saving: 00:00.03)

Fra:8 Mem:88.14M (Peak 90.57M) | Time:00:01.97 | Rendering 1 / 8 samples
Fra:8 Mem:88.14M (Peak 90.57M) | Time:00:05.13 | Rendering 8 / 8 samples
Saved: 'tools/rigging/previews/elf-dawn-refuser-male/WH_Walk_f008_front.png'
Time: 00:05.17 (Saving: 00:00.02)

Fra:8 Mem:88.14M (Peak 90.57M) | Time:00:02.02 | Rendering 1 / 8 samples
Fra:8 Mem:88.14M (Peak 90.57M) | Time:00:04.75 | Rendering 8 / 8 samples
Saved: 'tools/rigging/previews/elf-dawn-refuser-male/WH_Walk_f008_side.png'
Time: 00:04.79 (Saving: 00:00.02)

Fra:23 Mem:88.14M (Peak 88.14M) | Time:00:02.02 | Rendering 1 / 8 samples
Fra:23 Mem:88.14M (Peak 88.14M) | Time:00:04.97 | Rendering 8 / 8 samples
Saved: 'tools/rigging/previews/elf-dawn-refuser-male/WH_Walk_f023_front.png'
Time: 00:05.01 (Saving: 00:00.02)

Fra:23 Mem:88.14M (Peak 90.57M) | Time:00:01.67 | Rendering 1 / 8 samples
Fra:23 Mem:88.14M (Peak 90.57M) | Time:00:04.13 | Rendering 8 / 8 samples
Saved: 'tools/rigging/previews/elf-dawn-refuser-male/WH_Walk_f023_side.png'
Time: 00:04.16 (Saving: 00:00.01)

Fra:5 Mem:88.14M (Peak 90.57M) | Time:00:01.86 | Rendering 1 / 8 samples
Fra:5 Mem:88.14M (Peak 90.57M) | Time:00:04.62 | Rendering 8 / 8 samples
Saved: 'tools/rigging/previews/elf-dawn-refuser-male/WH_Attack1_f005_front.png'
Time: 00:04.68 (Saving: 00:00.03)

Fra:5 Mem:88.14M (Peak 90.57M) | Time:00:01.87 | Rendering 1 / 8 samples
Fra:5 Mem:88.14M (Peak 90.57M) | Time:00:04.40 | Rendering 8 / 8 samples
Saved: 'tools/rigging/previews/elf-dawn-refuser-male/WH_Attack1_f005_side.png'
Time: 00:04.44 (Saving: 00:00.02)

Fra:9 Mem:88.14M (Peak 88.14M) | Time:00:01.75 | Rendering 1 / 8 samples
Fra:9 Mem:88.14M (Peak 88.14M) | Time:00:04.37 | Rendering 8 / 8 samples
Saved: 'tools/rigging/previews/elf-dawn-refuser-male/WH_Attack1_f009_front.png'
Time: 00:04.41 (Saving: 00:00.02)

Fra:9 Mem:88.14M (Peak 90.57M) | Time:00:02.33 | Rendering 1 / 8 samples
Fra:9 Mem:88.14M (Peak 90.57M) | Time:00:05.21 | Rendering 8 / 8 samples
Saved: 'tools/rigging/previews/elf-dawn-refuser-male/WH_Attack1_f009_side.png'
Time: 00:05.27 (Saving: 00:00.03)

Fra:36 Mem:88.14M (Peak 88.14M) | Time:00:02.02 | Rendering 1 / 8 samples
Fra:36 Mem:88.14M (Peak 88.14M) | Time:00:04.78 | Rendering 8 / 8 samples
Saved: 'tools/rigging/previews/elf-dawn-refuser-male/WH_Death_f036_front.png'
Time: 00:04.82 (Saving: 00:00.02)

Fra:36 Mem:88.14M (Peak 88.14M) | Time:00:01.61 | Rendering 1 / 8 samples
Fra:36 Mem:88.14M (Peak 88.14M) | Time:00:04.47 | Rendering 8 / 8 samples
Saved: 'tools/rigging/previews/elf-dawn-refuser-male/WH_Death_f036_side.png'
Time: 00:04.52 (Saving: 00:00.02)

  preview tools/rigging/previews/elf-dawn-refuser-male/REST_f001_front.png
  preview tools/rigging/previews/elf-dawn-refuser-male/REST_f001_side.png
  preview tools/rigging/previews/elf-dawn-refuser-male/WH_Walk_f008_front.png
  preview tools/rigging/previews/elf-dawn-refuser-male/WH_Walk_f008_side.png
  preview tools/rigging/previews/elf-dawn-refuser-male/WH_Walk_f023_front.png
  preview tools/rigging/previews/elf-dawn-refuser-male/WH_Walk_f023_side.png
  preview tools/rigging/previews/elf-dawn-refuser-male/WH_Attack1_f005_front.png
  preview tools/rigging/previews/elf-dawn-refuser-male/WH_Attack1_f005_side.png
  preview tools/rigging/previews/elf-dawn-refuser-male/WH_Attack1_f009_front.png
  preview tools/rigging/previews/elf-dawn-refuser-male/WH_Attack1_f009_side.png
  preview tools/rigging/previews/elf-dawn-refuser-male/WH_Death_f036_front.png
  preview tools/rigging/previews/elf-dawn-refuser-male/WH_Death_f036_side.png
VERIFY PASS
