VERIFY tools/rigging/scripts/bl.sh --python tools/rigging/scripts/verify_wh_glb.py -- art-direction/3d/assets/races_regen/rigged/human-hunter-female.rigged.glb art-direction/3d/assets/races_regen/human-hunter-female.glb --render tools/rigging/previews/human-hunter-female --frames REST:1\,WH_Walk:8\,WH_Walk:23\,WH_Attack1:5\,WH_Attack1:9\,WH_Death:36 
== A. raw glTF checks: /workspace/witch-hunter/art-direction/3d/assets/races_regen/rigged/human-hunter-female.rigged.glb
  ok   exactly 1 mesh (found 1)
  ok   exactly 1 skin (found 1)
  ok   skin joints == 20 WH bones (found 20: missing set(), extra set())
  ok   single primitive (found 1)
  ok   JOINTS_0/WEIGHTS_0 present
  ok   triangle count unchanged (30369 vs source 30369)
  ok   vertex count within +0.5% of source (24263 vs 24219, +44)
  ok   distinct (position, uv) pairs identical to source (24182 vs 24182)
  ok   every vertex weighted, sums≈1 (min 1.0000, max 1.0000, zero=0)
  ok   bind-pose bounds unchanged (src [-0.431 -1.    -0.305]..[0.431 1.    0.305])
  ok   image count 1 == source
  ok   image 0 bytes bit-identical (image/jpeg, sha256 86767868b7e1… vs 86767868b7e1…)
  ok   sampler magFilter preserved (src 9729, out 9729; 9728=NEAREST 9729=LINEAR)
  ok   required clips present ['WH_Idle', 'WH_Walk', 'WH_Run', 'WH_Attack1', 'WH_Hit', 'WH_Death'] (found ['WH_Attack1', 'WH_Death', 'WH_Hit', 'WH_Idle', 'WH_Run', 'WH_Walk'])
  ok   WH_Attack1: 0.500s, 60 channels, Root static (3 Root channels)
  ok   WH_Death: 1.200s, 60 channels, Root static (3 Root channels)
  ok   WH_Hit: 0.333s, 60 channels, Root static (3 Root channels)
  ok   WH_Idle: 2.000s, 60 channels, Root static (3 Root channels)
  ok   WH_Idle: loop closes (Hips translation first==last, drift 0.00e+00)
  ok   WH_Run: 0.600s, 60 channels, Root static (3 Root channels)
  ok   WH_Run: loop closes (Hips translation first==last, drift 0.00e+00)
  ok   WH_Walk: 1.000s, 60 channels, Root static (3 Root channels)
  ok   WH_Walk: loop closes (Hips translation first==last, drift 0.00e+00)
  EXCURSION WH_Attack1: L_Thigh=0.2430rad R_Thigh=0.2081rad L_UpperArm=1.0720rad R_UpperArm=1.8470rad Spine=0.1712rad
  EXCURSION WH_Death: L_Thigh=0.6106rad R_Thigh=0.3489rad L_UpperArm=0.9745rad R_UpperArm=0.9357rad Spine=0.2616rad
  EXCURSION WH_Hit: L_Thigh=0.0000rad R_Thigh=0.0000rad L_UpperArm=0.4300rad R_UpperArm=0.5013rad Spine=0.1723rad
  EXCURSION WH_Idle: L_Thigh=0.0000rad R_Thigh=0.0000rad L_UpperArm=0.0262rad R_UpperArm=0.0262rad Spine=0.0140rad
  EXCURSION WH_Run: L_Thigh=0.7386rad R_Thigh=0.7386rad L_UpperArm=0.5909rad R_UpperArm=0.5909rad Spine=0.0630rad
  EXCURSION WH_Walk: L_Thigh=0.4475rad R_Thigh=0.4475rad L_UpperArm=0.2486rad R_UpperArm=0.2486rad Spine=0.0140rad
== B. Blender re-import checks
02:40:00 | INFO: Data are loaded, start creating Blender stuff
02:40:00 | INFO: Blender create Mesh node Mesh_0
02:40:01 | INFO: glTF import finished in 0.39s
  ok   1 armature + 1 mesh (got 1 + 1)
  ok   armature has the 20 WH bones (20)
  ok   mesh skinned to armature (Armature modifier)
  ok   vertex groups for all 19 deform bones (missing set())
  ok   every vertex in >=1 vertex group (0 unweighted of 24263)
  ok   no empty deform bone (weight>0.05 counts: {'Root': 0, 'Hips': 1759, 'Spine': 1688, 'Chest': 584, 'Neck': 651, 'Head': 1102, 'L_Shoulder': 367, 'L_UpperArm': 1125, 'L_Forearm': 564, 'L_Hand': 432, 'R_Shoulder': 470, 'R_UpperArm': 1159, 'R_Forearm': 234, 'R_Hand': 368, 'L_Thigh': 6230, 'L_Shin': 1565, 'L_Foot': 243, 'R_Thigh': 4422, 'R_Shin': 1061, 'R_Foot': 239})
  ok   Blender triangle count 30369 == source 30369
  Blender action names: ['WH_Attack1_WH_Armature', 'WH_Death_WH_Armature', 'WH_Hit_WH_Armature', 'WH_Idle_WH_Armature', 'WH_Run_WH_Armature', 'WH_Walk_WH_Armature']
  ok   re-imported actions cover ['WH_Idle', 'WH_Walk', 'WH_Run', 'WH_Attack1', 'WH_Hit', 'WH_Death']
  ok   WH_Attack1: Root world position constant over clip (max drift 0.00e+00)
  ok   WH_Death: Root world position constant over clip (max drift 0.00e+00)
  ok   WH_Hit: Root world position constant over clip (max drift 0.00e+00)
  ok   WH_Idle: Root world position constant over clip (max drift 0.00e+00)
  ok   WH_Idle: Hips returns to start (0.00e+00); horizontal sway 0.000 (<0.05 expected)
  ok   WH_Idle: Hips horizontal sway 0.000 < 0.05 (in place)
  ok   WH_Run: Root world position constant over clip (max drift 0.00e+00)
  ok   WH_Run: Hips returns to start (0.00e+00); horizontal sway 0.000 (<0.05 expected)
  ok   WH_Run: Hips horizontal sway 0.000 < 0.05 (in place)
  ok   WH_Walk: Root world position constant over clip (max drift 0.00e+00)
  ok   WH_Walk: Hips returns to start (0.00e+00); horizontal sway 0.000 (<0.05 expected)
  ok   WH_Walk: Hips horizontal sway 0.000 < 0.05 (in place)
EGL Error (0x3009): EGL_BAD_MATCH: Arguments are inconsistent (for example, a valid context requires buffers not supplied by a valid surface).
EGL Error (0x3009): EGL_BAD_MATCH: Arguments are inconsistent (for example, a valid context requires buffers not supplied by a valid surface).
Blender 4.3.2
Fra:1 Mem:86.70M (Peak 96.82M) | Time:00:04.68 | Rendering 1 / 8 samples
Fra:1 Mem:86.70M (Peak 96.82M) | Time:00:08.10 | Rendering 8 / 8 samples
Saved: 'tools/rigging/previews/human-hunter-female/REST_f001_front.png'
Time: 00:08.37 (Saving: 00:00.25)

Fra:1 Mem:86.70M (Peak 86.70M) | Time:00:01.87 | Rendering 1 / 8 samples
Fra:1 Mem:86.70M (Peak 86.70M) | Time:00:05.23 | Rendering 8 / 8 samples
Saved: 'tools/rigging/previews/human-hunter-female/REST_f001_side.png'
Time: 00:05.30 (Saving: 00:00.04)

Fra:8 Mem:86.70M (Peak 86.70M) | Time:00:02.03 | Rendering 1 / 8 samples
Fra:8 Mem:86.70M (Peak 86.70M) | Time:00:04.98 | Rendering 8 / 8 samples
Saved: 'tools/rigging/previews/human-hunter-female/WH_Walk_f008_front.png'
Time: 00:05.03 (Saving: 00:00.03)

Fra:8 Mem:86.70M (Peak 86.70M) | Time:00:01.84 | Rendering 1 / 8 samples
Fra:8 Mem:86.70M (Peak 86.70M) | Time:00:04.94 | Rendering 8 / 8 samples
Saved: 'tools/rigging/previews/human-hunter-female/WH_Walk_f008_side.png'
Time: 00:04.99 (Saving: 00:00.02)

Fra:23 Mem:86.70M (Peak 86.70M) | Time:00:01.89 | Rendering 1 / 8 samples
Fra:23 Mem:86.70M (Peak 86.70M) | Time:00:04.78 | Rendering 8 / 8 samples
Saved: 'tools/rigging/previews/human-hunter-female/WH_Walk_f023_front.png'
Time: 00:04.83 (Saving: 00:00.03)

Fra:23 Mem:86.70M (Peak 86.70M) | Time:00:01.73 | Rendering 1 / 8 samples
Fra:23 Mem:86.70M (Peak 86.70M) | Time:00:04.66 | Rendering 8 / 8 samples
Saved: 'tools/rigging/previews/human-hunter-female/WH_Walk_f023_side.png'
Time: 00:04.71 (Saving: 00:00.03)

Fra:5 Mem:86.70M (Peak 89.10M) | Time:00:01.85 | Rendering 1 / 8 samples
Fra:5 Mem:86.70M (Peak 89.10M) | Time:00:04.65 | Rendering 8 / 8 samples
Saved: 'tools/rigging/previews/human-hunter-female/WH_Attack1_f005_front.png'
Time: 00:04.70 (Saving: 00:00.03)

Fra:5 Mem:86.70M (Peak 89.10M) | Time:00:01.71 | Rendering 1 / 8 samples
Fra:5 Mem:86.70M (Peak 89.10M) | Time:00:04.76 | Rendering 8 / 8 samples
Saved: 'tools/rigging/previews/human-hunter-female/WH_Attack1_f005_side.png'
Time: 00:04.80 (Saving: 00:00.02)

Fra:9 Mem:86.70M (Peak 89.10M) | Time:00:01.74 | Rendering 1 / 8 samples
Fra:9 Mem:86.70M (Peak 89.10M) | Time:00:05.24 | Rendering 8 / 8 samples
Saved: 'tools/rigging/previews/human-hunter-female/WH_Attack1_f009_front.png'
Time: 00:05.28 (Saving: 00:00.02)

Fra:9 Mem:86.70M (Peak 89.10M) | Time:00:01.87 | Rendering 1 / 8 samples
Fra:9 Mem:86.70M (Peak 89.10M) | Time:00:05.04 | Rendering 8 / 8 samples
Saved: 'tools/rigging/previews/human-hunter-female/WH_Attack1_f009_side.png'
Time: 00:05.10 (Saving: 00:00.03)

Fra:36 Mem:86.70M (Peak 89.10M) | Time:00:02.04 | Rendering 1 / 8 samples
Fra:36 Mem:86.70M (Peak 89.10M) | Time:00:04.89 | Rendering 8 / 8 samples
Saved: 'tools/rigging/previews/human-hunter-female/WH_Death_f036_front.png'
Time: 00:04.97 (Saving: 00:00.03)

Fra:36 Mem:86.70M (Peak 89.10M) | Time:00:01.96 | Rendering 1 / 8 samples
Fra:36 Mem:86.70M (Peak 89.10M) | Time:00:05.49 | Rendering 8 / 8 samples
Saved: 'tools/rigging/previews/human-hunter-female/WH_Death_f036_side.png'
Time: 00:05.57 (Saving: 00:00.03)

  preview tools/rigging/previews/human-hunter-female/REST_f001_front.png
  preview tools/rigging/previews/human-hunter-female/REST_f001_side.png
  preview tools/rigging/previews/human-hunter-female/WH_Walk_f008_front.png
  preview tools/rigging/previews/human-hunter-female/WH_Walk_f008_side.png
  preview tools/rigging/previews/human-hunter-female/WH_Walk_f023_front.png
  preview tools/rigging/previews/human-hunter-female/WH_Walk_f023_side.png
  preview tools/rigging/previews/human-hunter-female/WH_Attack1_f005_front.png
  preview tools/rigging/previews/human-hunter-female/WH_Attack1_f005_side.png
  preview tools/rigging/previews/human-hunter-female/WH_Attack1_f009_front.png
  preview tools/rigging/previews/human-hunter-female/WH_Attack1_f009_side.png
  preview tools/rigging/previews/human-hunter-female/WH_Death_f036_front.png
  preview tools/rigging/previews/human-hunter-female/WH_Death_f036_side.png
VERIFY PASS
