VERIFY tools/rigging/scripts/bl.sh --python tools/rigging/scripts/verify_wh_glb.py -- art-direction/3d/assets/races_regen/rigged/orc-male-warrior.rigged.glb art-direction/3d/assets/races_regen/orc-male-warrior.glb --render tools/rigging/previews/orc-male-warrior --frames REST:1\,WH_Walk:8\,WH_Walk:23\,WH_Attack1:5\,WH_Attack1:9\,WH_Death:36 
== A. raw glTF checks: /workspace/witch-hunter/art-direction/3d/assets/races_regen/rigged/orc-male-warrior.rigged.glb
  ok   exactly 1 mesh (found 1)
  ok   exactly 1 skin (found 1)
  ok   skin joints == 20 WH bones (found 20: missing set(), extra set())
  ok   single primitive (found 1)
  ok   JOINTS_0/WEIGHTS_0 present
  ok   triangle count unchanged (28496 vs source 28496)
  ok   vertex count within +0.5% of source (23109 vs 23040, +69)
  ok   distinct (position, uv) pairs identical to source (23024 vs 23024)
  ok   every vertex weighted, sums≈1 (min 1.0000, max 1.0000, zero=0)
  ok   bind-pose bounds unchanged (src [-0.655 -1.    -0.293]..[0.655 1.    0.293])
  ok   image count 1 == source
  ok   image 0 bytes bit-identical (image/jpeg, sha256 f8a750544358… vs f8a750544358…)
  ok   sampler magFilter preserved (src 9729, out 9729; 9728=NEAREST 9729=LINEAR)
  ok   required clips present ['WH_Idle', 'WH_Walk', 'WH_Run', 'WH_Attack1', 'WH_Hit', 'WH_Death'] (found ['WH_Attack1', 'WH_Death', 'WH_Hit', 'WH_Idle', 'WH_Run', 'WH_Walk'])
  ok   WH_Attack1: 0.500s, 60 channels, Root static (3 Root channels)
  ok   WH_Death: 1.200s, 60 channels, Root static (3 Root channels)
  ok   WH_Hit: 0.333s, 60 channels, Root static (3 Root channels)
  ok   WH_Idle: 2.000s, 60 channels, Root static (3 Root channels)
  ok   WH_Idle: loop closes (Hips translation first==last, drift 0.00e+00)
  ok   WH_Run: 0.600s, 60 channels, Root static (3 Root channels)
  ok   WH_Run: loop closes (Hips translation first==last, drift 0.00e+00)
  ok   WH_Walk: 1.000s, 60 channels, Root static (3 Root channels)
  ok   WH_Walk: loop closes (Hips translation first==last, drift 0.00e+00)
  EXCURSION WH_Attack1: L_Thigh=0.2430rad R_Thigh=0.2081rad L_UpperArm=1.0720rad R_UpperArm=1.8470rad Spine=0.1712rad
  EXCURSION WH_Death: L_Thigh=0.6106rad R_Thigh=0.3489rad L_UpperArm=0.9745rad R_UpperArm=0.9357rad Spine=0.2616rad
  EXCURSION WH_Hit: L_Thigh=0.0000rad R_Thigh=0.0000rad L_UpperArm=0.4300rad R_UpperArm=0.5013rad Spine=0.1723rad
  EXCURSION WH_Idle: L_Thigh=0.0000rad R_Thigh=0.0000rad L_UpperArm=0.0262rad R_UpperArm=0.0262rad Spine=0.0140rad
  EXCURSION WH_Run: L_Thigh=0.7386rad R_Thigh=0.7386rad L_UpperArm=0.5909rad R_UpperArm=0.5909rad Spine=0.0630rad
  EXCURSION WH_Walk: L_Thigh=0.4475rad R_Thigh=0.4475rad L_UpperArm=0.2486rad R_UpperArm=0.2486rad Spine=0.0140rad
== B. Blender re-import checks
02:43:36 | INFO: Data are loaded, start creating Blender stuff
02:43:36 | INFO: Blender create Mesh node Mesh_0
02:43:36 | INFO: glTF import finished in 0.28s
  ok   1 armature + 1 mesh (got 1 + 1)
  ok   armature has the 20 WH bones (20)
  ok   mesh skinned to armature (Armature modifier)
  ok   vertex groups for all 19 deform bones (missing set())
  ok   every vertex in >=1 vertex group (0 unweighted of 23109)
  ok   no empty deform bone (weight>0.05 counts: {'Root': 0, 'Hips': 7471, 'Spine': 6156, 'Chest': 6090, 'Neck': 2124, 'Head': 1796, 'L_Shoulder': 2490, 'L_UpperArm': 604, 'L_Forearm': 472, 'L_Hand': 410, 'R_Shoulder': 5225, 'R_UpperArm': 865, 'R_Forearm': 586, 'R_Hand': 424, 'L_Thigh': 8874, 'L_Shin': 1500, 'L_Foot': 630, 'R_Thigh': 7234, 'R_Shin': 1301, 'R_Foot': 616})
  ok   Blender triangle count 28496 == source 28496
  Blender action names: ['WH_Attack1_WH_Armature', 'WH_Death_WH_Armature', 'WH_Hit_WH_Armature', 'WH_Idle_WH_Armature', 'WH_Run_WH_Armature', 'WH_Walk_WH_Armature']
  ok   re-imported actions cover ['WH_Idle', 'WH_Walk', 'WH_Run', 'WH_Attack1', 'WH_Hit', 'WH_Death']
  ok   WH_Attack1: Root world position constant over clip (max drift 0.00e+00)
  ok   WH_Death: Root world position constant over clip (max drift 0.00e+00)
  ok   WH_Hit: Root world position constant over clip (max drift 0.00e+00)
  ok   WH_Idle: Root world position constant over clip (max drift 0.00e+00)
  ok   WH_Idle: Hips returns to start (0.00e+00); horizontal sway 0.000 (<0.05 expected)
  ok   WH_Idle: Hips horizontal sway 0.000 < 0.05 (in place)
  ok   WH_Run: Root world position constant over clip (max drift 0.00e+00)
  ok   WH_Run: Hips returns to start (0.00e+00); horizontal sway 0.000 (<0.05 expected)
  ok   WH_Run: Hips horizontal sway 0.000 < 0.05 (in place)
  ok   WH_Walk: Root world position constant over clip (max drift 0.00e+00)
  ok   WH_Walk: Hips returns to start (0.00e+00); horizontal sway 0.000 (<0.05 expected)
  ok   WH_Walk: Hips horizontal sway 0.000 < 0.05 (in place)
EGL Error (0x3009): EGL_BAD_MATCH: Arguments are inconsistent (for example, a valid context requires buffers not supplied by a valid surface).
EGL Error (0x3009): EGL_BAD_MATCH: Arguments are inconsistent (for example, a valid context requires buffers not supplied by a valid surface).
Blender 4.3.2
Fra:1 Mem:87.33M (Peak 97.68M) | Time:00:04.28 | Rendering 1 / 8 samples
Fra:1 Mem:87.34M (Peak 97.68M) | Time:00:07.75 | Rendering 8 / 8 samples
Saved: 'tools/rigging/previews/orc-male-warrior/REST_f001_front.png'
Time: 00:07.97 (Saving: 00:00.20)

Fra:1 Mem:87.34M (Peak 87.34M) | Time:00:01.99 | Rendering 1 / 8 samples
Fra:1 Mem:87.34M (Peak 87.34M) | Time:00:05.21 | Rendering 8 / 8 samples
Saved: 'tools/rigging/previews/orc-male-warrior/REST_f001_side.png'
Time: 00:05.31 (Saving: 00:00.05)

Fra:8 Mem:87.34M (Peak 87.34M) | Time:00:02.52 | Rendering 1 / 8 samples
Fra:8 Mem:87.34M (Peak 87.34M) | Time:00:05.99 | Rendering 8 / 8 samples
Saved: 'tools/rigging/previews/orc-male-warrior/WH_Walk_f008_front.png'
Time: 00:06.04 (Saving: 00:00.03)

Fra:8 Mem:87.34M (Peak 89.58M) | Time:00:01.84 | Rendering 1 / 8 samples
Fra:8 Mem:87.34M (Peak 89.58M) | Time:00:04.66 | Rendering 8 / 8 samples
Saved: 'tools/rigging/previews/orc-male-warrior/WH_Walk_f008_side.png'
Time: 00:04.71 (Saving: 00:00.02)

Fra:23 Mem:87.34M (Peak 87.34M) | Time:00:02.74 | Rendering 1 / 8 samples
Fra:23 Mem:87.34M (Peak 87.34M) | Time:00:06.68 | Rendering 8 / 8 samples
Saved: 'tools/rigging/previews/orc-male-warrior/WH_Walk_f023_front.png'
Time: 00:06.72 (Saving: 00:00.02)

Fra:23 Mem:87.34M (Peak 87.34M) | Time:00:02.22 | Rendering 1 / 8 samples
Fra:23 Mem:87.34M (Peak 87.34M) | Time:00:05.65 | Rendering 8 / 8 samples
Saved: 'tools/rigging/previews/orc-male-warrior/WH_Walk_f023_side.png'
Time: 00:05.73 (Saving: 00:00.04)

Fra:5 Mem:87.34M (Peak 89.58M) | Time:00:02.29 | Rendering 1 / 8 samples
Fra:5 Mem:87.34M (Peak 89.58M) | Time:00:05.72 | Rendering 8 / 8 samples
Saved: 'tools/rigging/previews/orc-male-warrior/WH_Attack1_f005_front.png'
Time: 00:05.80 (Saving: 00:00.04)

Fra:5 Mem:87.34M (Peak 89.58M) | Time:00:02.10 | Rendering 1 / 8 samples
Fra:5 Mem:87.34M (Peak 89.58M) | Time:00:05.28 | Rendering 8 / 8 samples
Saved: 'tools/rigging/previews/orc-male-warrior/WH_Attack1_f005_side.png'
Time: 00:05.33 (Saving: 00:00.03)

Fra:9 Mem:87.34M (Peak 87.34M) | Time:00:02.07 | Rendering 1 / 8 samples
Fra:9 Mem:87.34M (Peak 87.34M) | Time:00:05.13 | Rendering 8 / 8 samples
Saved: 'tools/rigging/previews/orc-male-warrior/WH_Attack1_f009_front.png'
Time: 00:05.18 (Saving: 00:00.03)

Fra:9 Mem:87.34M (Peak 89.58M) | Time:00:01.84 | Rendering 1 / 8 samples
Fra:9 Mem:87.34M (Peak 89.58M) | Time:00:04.75 | Rendering 8 / 8 samples
Saved: 'tools/rigging/previews/orc-male-warrior/WH_Attack1_f009_side.png'
Time: 00:04.81 (Saving: 00:00.03)

Fra:36 Mem:87.34M (Peak 89.58M) | Time:00:01.75 | Rendering 1 / 8 samples
Fra:36 Mem:87.34M (Peak 89.58M) | Time:00:04.85 | Rendering 8 / 8 samples
Saved: 'tools/rigging/previews/orc-male-warrior/WH_Death_f036_front.png'
Time: 00:04.91 (Saving: 00:00.02)

Fra:36 Mem:87.34M (Peak 89.58M) | Time:00:01.96 | Rendering 1 / 8 samples
Fra:36 Mem:87.34M (Peak 89.58M) | Time:00:05.11 | Rendering 8 / 8 samples
Saved: 'tools/rigging/previews/orc-male-warrior/WH_Death_f036_side.png'
Time: 00:05.15 (Saving: 00:00.02)

  preview tools/rigging/previews/orc-male-warrior/REST_f001_front.png
  preview tools/rigging/previews/orc-male-warrior/REST_f001_side.png
  preview tools/rigging/previews/orc-male-warrior/WH_Walk_f008_front.png
  preview tools/rigging/previews/orc-male-warrior/WH_Walk_f008_side.png
  preview tools/rigging/previews/orc-male-warrior/WH_Walk_f023_front.png
  preview tools/rigging/previews/orc-male-warrior/WH_Walk_f023_side.png
  preview tools/rigging/previews/orc-male-warrior/WH_Attack1_f005_front.png
  preview tools/rigging/previews/orc-male-warrior/WH_Attack1_f005_side.png
  preview tools/rigging/previews/orc-male-warrior/WH_Attack1_f009_front.png
  preview tools/rigging/previews/orc-male-warrior/WH_Attack1_f009_side.png
  preview tools/rigging/previews/orc-male-warrior/WH_Death_f036_front.png
  preview tools/rigging/previews/orc-male-warrior/WH_Death_f036_side.png
VERIFY PASS
