RIG tools/rigging/scripts/bl.sh --python tools/rigging/scripts/rig_wh_humanoid.py -- art-direction/3d/assets/races_regen/undead-ghoul-male.glb art-direction/3d/assets/races_regen/rigged/undead-ghoul-male.rigged.glb --save-blend tools/rigging/blends/undead-ghoul-male.rigged.blend 
02:44:46 | INFO: Data are loaded, start creating Blender stuff
02:44:46 | INFO: Blender create Mesh node 0
02:44:46 | INFO: glTF import finished in 0.06s
[WH] bounds z0=-1.000 z1=1.000 H=2.000 shoulder_top=0.825H arm angle from vertical L=22.0 R=21.8 deg (~0=arms down, 20-50=A-pose, ~90=T-pose)
Info: Removed 3378 vertices
[WH] heat weights on proxy: 0 / 14186 proxy vertices unweighted
[WH] transferred weights: 0 / 17564 vertices unweighted
[WH] arm radius clamp removed 4751 arm-bone weights
Info: 720 vertex weights limited
[WH] final weights: 0 unweighted; per-bone vertex counts: {'Hips': 6582, 'Spine': 4142, 'Chest': 2353, 'Neck': 1568, 'Head': 2230, 'L_Shoulder': 877, 'L_UpperArm': 540, 'L_Forearm': 901, 'L_Hand': 653, 'R_Shoulder': 898, 'R_UpperArm': 729, 'R_Forearm': 962, 'R_Hand': 624, 'L_Thigh': 6825, 'L_Shin': 1177, 'L_Foot': 500, 'R_Thigh': 6902, 'R_Shin': 1174, 'R_Foot': 519}
[WH] clip WH_Idle: 61 keys @ 30 fps = 2.000s loop=True
[WH] clip WH_Walk: 31 keys @ 30 fps = 1.000s loop=True
[WH] clip WH_Run: 19 keys @ 30 fps = 0.600s loop=True
[WH] clip WH_Attack1: 16 keys @ 30 fps = 0.500s loop=False
[WH] clip WH_Hit: 11 keys @ 30 fps = 0.333s loop=False
[WH] clip WH_Death: 37 keys @ 30 fps = 1.200s loop=False
Info: Saved "undead-ghoul-male.rigged.blend"
[WH] saved /workspace/witch-hunter/tools/rigging/blends/undead-ghoul-male.rigged.blend
ERROR Draco mesh compression is not available because library could not be found at /usr/bin/4.3/python/lib/python3.13/site-packages/libextern_draco.so
02:44:48 | INFO: Starting glTF 2.0 export
02:44:48 | INFO: Extracting primitive: Mesh_0
02:44:48 | INFO: Primitives created: 1
02:44:49 | INFO: Finished glTF 2.0 export in 1.160867691040039 s

[WH] exported /workspace/witch-hunter/art-direction/3d/assets/races_regen/rigged/undead-ghoul-male.rigged.glb (4.10 MB)
Blender 4.3.2

Blender quit
