VERIFY tools/rigging/scripts/bl.sh --python tools/rigging/scripts/verify_wh_glb.py -- art-direction/3d/assets/races_regen/rigged/vampire-male-noble.rigged.glb art-direction/3d/assets/races_regen/vampire-male-noble.glb --render tools/rigging/previews/vampire-male-noble --frames REST:1\,WH_Walk:8\,WH_Walk:23\,WH_Attack1:5\,WH_Attack1:9\,WH_Death:36 
== A. raw glTF checks: /workspace/witch-hunter/art-direction/3d/assets/races_regen/rigged/vampire-male-noble.rigged.glb
  ok   exactly 1 mesh (found 1)
  ok   exactly 1 skin (found 1)
  ok   skin joints == 20 WH bones (found 20: missing set(), extra set())
  ok   single primitive (found 1)
  ok   JOINTS_0/WEIGHTS_0 present
  ok   triangle count unchanged (32382 vs source 32382)
  ok   vertex count within +0.5% of source (25666 vs 25594, +72)
  ok   distinct (position, uv) pairs identical to source (25580 vs 25580)
  ok   every vertex weighted, sums≈1 (min 1.0000, max 1.0000, zero=0)
  ok   bind-pose bounds unchanged (src [-0.729 -1.    -0.597]..[0.729 1.    0.597])
  ok   image count 1 == source
  ok   image 0 bytes bit-identical (image/jpeg, sha256 35f8a7adab02… vs 35f8a7adab02…)
  ok   sampler magFilter preserved (src 9729, out 9729; 9728=NEAREST 9729=LINEAR)
  ok   required clips present ['WH_Idle', 'WH_Walk', 'WH_Run', 'WH_Attack1', 'WH_Hit', 'WH_Death'] (found ['WH_Attack1', 'WH_Death', 'WH_Hit', 'WH_Idle', 'WH_Run', 'WH_Walk'])
  ok   WH_Attack1: 0.500s, 60 channels, Root static (3 Root channels)
  ok   WH_Death: 1.200s, 60 channels, Root static (3 Root channels)
  ok   WH_Hit: 0.333s, 60 channels, Root static (3 Root channels)
  ok   WH_Idle: 2.000s, 60 channels, Root static (3 Root channels)
  ok   WH_Idle: loop closes (Hips translation first==last, drift 0.00e+00)
  ok   WH_Run: 0.600s, 60 channels, Root static (3 Root channels)
  ok   WH_Run: loop closes (Hips translation first==last, drift 0.00e+00)
  ok   WH_Walk: 1.000s, 60 channels, Root static (3 Root channels)
  ok   WH_Walk: loop closes (Hips translation first==last, drift 0.00e+00)
  EXCURSION WH_Attack1: L_Thigh=0.2430rad R_Thigh=0.2081rad L_UpperArm=1.0720rad R_UpperArm=1.8470rad Spine=0.1712rad
  EXCURSION WH_Death: L_Thigh=0.6106rad R_Thigh=0.3489rad L_UpperArm=0.9745rad R_UpperArm=0.9357rad Spine=0.2616rad
  EXCURSION WH_Hit: L_Thigh=0.0000rad R_Thigh=0.0000rad L_UpperArm=0.4300rad R_UpperArm=0.5013rad Spine=0.1723rad
  EXCURSION WH_Idle: L_Thigh=0.0000rad R_Thigh=0.0000rad L_UpperArm=0.0262rad R_UpperArm=0.0262rad Spine=0.0140rad
  EXCURSION WH_Run: L_Thigh=0.7386rad R_Thigh=0.7386rad L_UpperArm=0.5909rad R_UpperArm=0.5909rad Spine=0.0630rad
  EXCURSION WH_Walk: L_Thigh=0.4475rad R_Thigh=0.4475rad L_UpperArm=0.2486rad R_UpperArm=0.2486rad Spine=0.0140rad
== B. Blender re-import checks
02:47:14 | INFO: Data are loaded, start creating Blender stuff
02:47:14 | INFO: Blender create Mesh node Mesh_0
02:47:15 | INFO: glTF import finished in 0.33s
  ok   1 armature + 1 mesh (got 1 + 1)
  ok   armature has the 20 WH bones (20)
  ok   mesh skinned to armature (Armature modifier)
  ok   vertex groups for all 19 deform bones (missing set())
  ok   every vertex in >=1 vertex group (0 unweighted of 25666)
  ok   no empty deform bone (weight>0.05 counts: {'Root': 0, 'Hips': 4780, 'Spine': 5193, 'Chest': 2503, 'Neck': 799, 'Head': 632, 'L_Shoulder': 990, 'L_UpperArm': 751, 'L_Forearm': 625, 'L_Hand': 322, 'R_Shoulder': 1181, 'R_UpperArm': 986, 'R_Forearm': 962, 'R_Hand': 430, 'L_Thigh': 8681, 'L_Shin': 9158, 'L_Foot': 5851, 'R_Thigh': 10230, 'R_Shin': 9858, 'R_Foot': 6581})
  ok   Blender triangle count 32382 == source 32382
  Blender action names: ['WH_Attack1_WH_Armature', 'WH_Death_WH_Armature', 'WH_Hit_WH_Armature', 'WH_Idle_WH_Armature', 'WH_Run_WH_Armature', 'WH_Walk_WH_Armature']
  ok   re-imported actions cover ['WH_Idle', 'WH_Walk', 'WH_Run', 'WH_Attack1', 'WH_Hit', 'WH_Death']
  ok   WH_Attack1: Root world position constant over clip (max drift 0.00e+00)
  ok   WH_Death: Root world position constant over clip (max drift 0.00e+00)
  ok   WH_Hit: Root world position constant over clip (max drift 0.00e+00)
  ok   WH_Idle: Root world position constant over clip (max drift 0.00e+00)
  ok   WH_Idle: Hips returns to start (0.00e+00); horizontal sway 0.000 (<0.05 expected)
  ok   WH_Idle: Hips horizontal sway 0.000 < 0.05 (in place)
  ok   WH_Run: Root world position constant over clip (max drift 0.00e+00)
  ok   WH_Run: Hips returns to start (0.00e+00); horizontal sway 0.000 (<0.05 expected)
  ok   WH_Run: Hips horizontal sway 0.000 < 0.05 (in place)
  ok   WH_Walk: Root world position constant over clip (max drift 0.00e+00)
  ok   WH_Walk: Hips returns to start (0.00e+00); horizontal sway 0.000 (<0.05 expected)
  ok   WH_Walk: Hips horizontal sway 0.000 < 0.05 (in place)
EGL Error (0x3009): EGL_BAD_MATCH: Arguments are inconsistent (for example, a valid context requires buffers not supplied by a valid surface).
EGL Error (0x3009): EGL_BAD_MATCH: Arguments are inconsistent (for example, a valid context requires buffers not supplied by a valid surface).
Blender 4.3.2
Fra:1 Mem:88.13M (Peak 98.01M) | Time:00:04.63 | Rendering 1 / 8 samples
Fra:1 Mem:88.13M (Peak 98.01M) | Time:00:07.87 | Rendering 8 / 8 samples
Saved: 'tools/rigging/previews/vampire-male-noble/REST_f001_front.png'
Time: 00:08.25 (Saving: 00:00.35)

Fra:1 Mem:88.13M (Peak 88.13M) | Time:00:01.87 | Rendering 1 / 8 samples
Fra:1 Mem:88.13M (Peak 88.13M) | Time:00:05.16 | Rendering 8 / 8 samples
Saved: 'tools/rigging/previews/vampire-male-noble/REST_f001_side.png'
Time: 00:05.26 (Saving: 00:00.05)

Fra:8 Mem:88.13M (Peak 88.13M) | Time:00:02.05 | Rendering 1 / 8 samples
Fra:8 Mem:88.13M (Peak 88.13M) | Time:00:05.31 | Rendering 8 / 8 samples
Saved: 'tools/rigging/previews/vampire-male-noble/WH_Walk_f008_front.png'
Time: 00:05.36 (Saving: 00:00.03)

Fra:8 Mem:88.13M (Peak 88.13M) | Time:00:01.89 | Rendering 1 / 8 samples
Fra:8 Mem:88.13M (Peak 88.13M) | Time:00:04.93 | Rendering 8 / 8 samples
Saved: 'tools/rigging/previews/vampire-male-noble/WH_Walk_f008_side.png'
Time: 00:04.99 (Saving: 00:00.03)

Fra:23 Mem:88.13M (Peak 88.13M) | Time:00:02.69 | Rendering 1 / 8 samples
Fra:23 Mem:88.13M (Peak 88.13M) | Time:00:05.91 | Rendering 8 / 8 samples
Saved: 'tools/rigging/previews/vampire-male-noble/WH_Walk_f023_front.png'
Time: 00:05.95 (Saving: 00:00.02)

Fra:23 Mem:88.13M (Peak 88.13M) | Time:00:01.70 | Rendering 1 / 8 samples
Fra:23 Mem:88.13M (Peak 88.13M) | Time:00:05.10 | Rendering 8 / 8 samples
Saved: 'tools/rigging/previews/vampire-male-noble/WH_Walk_f023_side.png'
Time: 00:05.15 (Saving: 00:00.03)

Fra:5 Mem:88.13M (Peak 90.69M) | Time:00:01.96 | Rendering 1 / 8 samples
Fra:5 Mem:88.13M (Peak 90.69M) | Time:00:04.68 | Rendering 8 / 8 samples
Saved: 'tools/rigging/previews/vampire-male-noble/WH_Attack1_f005_front.png'
Time: 00:04.73 (Saving: 00:00.03)

Fra:5 Mem:88.13M (Peak 90.69M) | Time:00:01.80 | Rendering 1 / 8 samples
Fra:5 Mem:88.13M (Peak 90.69M) | Time:00:04.74 | Rendering 8 / 8 samples
Saved: 'tools/rigging/previews/vampire-male-noble/WH_Attack1_f005_side.png'
Time: 00:04.79 (Saving: 00:00.03)

Fra:9 Mem:88.14M (Peak 90.69M) | Time:00:02.16 | Rendering 1 / 8 samples
Fra:9 Mem:88.14M (Peak 90.69M) | Time:00:05.27 | Rendering 8 / 8 samples
Saved: 'tools/rigging/previews/vampire-male-noble/WH_Attack1_f009_front.png'
Time: 00:05.32 (Saving: 00:00.03)

Fra:9 Mem:88.14M (Peak 90.69M) | Time:00:02.25 | Rendering 1 / 8 samples
Fra:9 Mem:88.14M (Peak 90.69M) | Time:00:05.52 | Rendering 8 / 8 samples
Saved: 'tools/rigging/previews/vampire-male-noble/WH_Attack1_f009_side.png'
Time: 00:05.61 (Saving: 00:00.06)

Fra:36 Mem:88.14M (Peak 90.69M) | Time:00:02.08 | Rendering 1 / 8 samples
Fra:36 Mem:88.14M (Peak 90.69M) | Time:00:05.04 | Rendering 8 / 8 samples
Saved: 'tools/rigging/previews/vampire-male-noble/WH_Death_f036_front.png'
Time: 00:05.09 (Saving: 00:00.03)

Fra:36 Mem:88.14M (Peak 90.69M) | Time:00:01.71 | Rendering 1 / 8 samples
Fra:36 Mem:88.14M (Peak 90.69M) | Time:00:04.77 | Rendering 8 / 8 samples
Saved: 'tools/rigging/previews/vampire-male-noble/WH_Death_f036_side.png'
Time: 00:04.83 (Saving: 00:00.04)

  preview tools/rigging/previews/vampire-male-noble/REST_f001_front.png
  preview tools/rigging/previews/vampire-male-noble/REST_f001_side.png
  preview tools/rigging/previews/vampire-male-noble/WH_Walk_f008_front.png
  preview tools/rigging/previews/vampire-male-noble/WH_Walk_f008_side.png
  preview tools/rigging/previews/vampire-male-noble/WH_Walk_f023_front.png
  preview tools/rigging/previews/vampire-male-noble/WH_Walk_f023_side.png
  preview tools/rigging/previews/vampire-male-noble/WH_Attack1_f005_front.png
  preview tools/rigging/previews/vampire-male-noble/WH_Attack1_f005_side.png
  preview tools/rigging/previews/vampire-male-noble/WH_Attack1_f009_front.png
  preview tools/rigging/previews/vampire-male-noble/WH_Attack1_f009_side.png
  preview tools/rigging/previews/vampire-male-noble/WH_Death_f036_front.png
  preview tools/rigging/previews/vampire-male-noble/WH_Death_f036_side.png
VERIFY PASS
